[2026-09-20 15:41:28,296] 20 src.exception -ERROR -Error occured in python script: [C:\Users\cw\Desktop\workshop_ml\nlp_pretrained\ner_tagger.py]at line number: [19]with error message: [
**********************************************************************
  Resource 'maxent_ne_chunker_tab' not found.
  Please use the NLTK Downloader to obtain the resource:

  >>> import nltk
  >>> nltk.download('maxent_ne_chunker_tab')

  For more information see: https://www.nltk.org/data.html

  Attempted to load 'chunkers/maxent_ne_chunker_tab/english_ace_multiclass/'

  Searched in:
    - 'C:\\Users\\cw/nltk_data'
    - 'C:\\Users\\cw\\Desktop\\workshop_ml\\.venv\\nltk_data'
    - 'C:\\Users\\cw\\Desktop\\workshop_ml\\.venv\\share\\nltk_data'
    - 'C:\\Users\\cw\\Desktop\\workshop_ml\\.venv\\lib\\nltk_data'
    - 'C:\\Users\\cw\\AppData\\Roaming\\nltk_data'
    - 'C:\\nltk_data'
    - 'D:\\nltk_data'
    - 'E:\\nltk_data'
    - 'C:\\Users\\cw\\AppData\\Roaming\\nltk_data\\taggers\\averaged_perceptron_tagger_eng'
**********************************************************************
]
